56899 : 2024-01-25 23:17:11,816 : INFO : telemetry.main : Attempt start. Configuration directory [/Users/mananshah/.azure].
56899 : 2024-01-25 23:17:11,816 : DEBUG : telemetry.note : acquiring lock
56899 : 2024-01-25 23:17:11,816 : DEBUG : telemetry.note : acquired lock
56899 : 2024-01-25 23:17:11,816 : INFO : telemetry.note : Update the note mtime to 2024-01-25 23:17:11.816831
56899 : 2024-01-25 23:17:11,816 : WARNING : telemetry.note : Fail to parse or read the timestamp 'N/A' in the note file. Set the last send time to minimal. Reason: not readable
56899 : 2024-01-25 23:17:11,817 : INFO : telemetry.records : 1 cache files to move.
56899 : 2024-01-25 23:17:11,817 : INFO : telemetry.records : Create temp folder /var/folders/sf/4qsy59kx3rlgqc2jt3tg3rx80000gn/T/tmpuwu3qnr0
56899 : 2024-01-25 23:17:11,817 : INFO : telemetry.records : Move file /Users/mananshah/.azure/telemetry/cache to /var/folders/sf/4qsy59kx3rlgqc2jt3tg3rx80000gn/T/tmpuwu3qnr0/cache
56899 : 2024-01-25 23:17:11,820 : INFO : telemetry.records : Processed file /var/folders/sf/4qsy59kx3rlgqc2jt3tg3rx80000gn/T/tmpuwu3qnr0/cache into 1 records.
56899 : 2024-01-25 23:17:11,820 : INFO : telemetry.records : Remove directory /var/folders/sf/4qsy59kx3rlgqc2jt3tg3rx80000gn/T/tmpuwu3qnr0
56899 : 2024-01-25 23:17:11,820 : INFO : telemetry.client : Accumulated 1 events. Flush the clients.
56899 : 2024-01-25 23:17:11,820 : INFO : telemetry.client : Flush client c4395b75-49cc-422c-bc95-c7d51aef5d46.
56899 : 2024-01-25 23:17:12,064 : INFO : telemetry.sender : Sending 3901 bytes
56899 : 2024-01-25 23:17:12,064 : INFO : telemetry.sender : Finish uploading in 0.243661 seconds.
56899 : 2024-01-25 23:17:12,064 : INFO : telemetry.note : Update the last send in note to 2024-01-25 23:17:11
56899 : 2024-01-25 23:17:12,064 : INFO : telemetry.note : Update the note mtime to 2024-01-25 23:17:12.064549
56910 : 2024-01-25 23:17:23,718 : INFO : telemetry.main : Attempt start. Configuration directory [/Users/mananshah/.azure].
56910 : 2024-01-25 23:17:23,718 : DEBUG : telemetry.note : acquiring lock
56910 : 2024-01-25 23:17:23,718 : DEBUG : telemetry.note : acquired lock
56910 : 2024-01-25 23:17:23,719 : INFO : telemetry.note : Update the note mtime to 2024-01-25 23:17:23.718992
56910 : 2024-01-25 23:17:23,719 : INFO : telemetry.note : Read timestamp from the note. The last send was 2024-01-25 23:17:11.
56910 : 2024-01-25 23:17:23,720 : INFO : telemetry.records : 1 cache files to move.
56910 : 2024-01-25 23:17:23,720 : INFO : telemetry.records : Create temp folder /var/folders/sf/4qsy59kx3rlgqc2jt3tg3rx80000gn/T/tmpzzxnhiox
56910 : 2024-01-25 23:17:23,720 : INFO : telemetry.records : Move file /Users/mananshah/.azure/telemetry/cache to /var/folders/sf/4qsy59kx3rlgqc2jt3tg3rx80000gn/T/tmpzzxnhiox/cache
56910 : 2024-01-25 23:17:23,720 : INFO : telemetry.records : Processed file /var/folders/sf/4qsy59kx3rlgqc2jt3tg3rx80000gn/T/tmpzzxnhiox/cache into 1 records.
56910 : 2024-01-25 23:17:23,720 : INFO : telemetry.records : Remove directory /var/folders/sf/4qsy59kx3rlgqc2jt3tg3rx80000gn/T/tmpzzxnhiox
56910 : 2024-01-25 23:17:23,720 : INFO : telemetry.client : Accumulated 1 events. Flush the clients.
56910 : 2024-01-25 23:17:23,720 : INFO : telemetry.client : Flush client c4395b75-49cc-422c-bc95-c7d51aef5d46.
56910 : 2024-01-25 23:17:23,960 : INFO : telemetry.sender : Sending 3831 bytes
56910 : 2024-01-25 23:17:23,960 : INFO : telemetry.sender : Finish uploading in 0.239971 seconds.
56910 : 2024-01-25 23:17:23,961 : INFO : telemetry.note : Update the last send in note to 2024-01-25 23:17:23
56910 : 2024-01-25 23:17:23,961 : INFO : telemetry.note : Update the note mtime to 2024-01-25 23:17:23.961496
56917 : 2024-01-25 23:17:30,622 : INFO : telemetry.main : Attempt start. Configuration directory [/Users/mananshah/.azure].
56917 : 2024-01-25 23:17:30,622 : DEBUG : telemetry.note : acquiring lock
56917 : 2024-01-25 23:17:30,622 : DEBUG : telemetry.note : acquired lock
56917 : 2024-01-25 23:17:30,622 : INFO : telemetry.note : Update the note mtime to 2024-01-25 23:17:30.622391
56917 : 2024-01-25 23:17:30,622 : INFO : telemetry.note : Read timestamp from the note. The last send was 2024-01-25 23:17:23.
56917 : 2024-01-25 23:17:30,623 : INFO : telemetry.records : 1 cache files to move.
56917 : 2024-01-25 23:17:30,623 : INFO : telemetry.records : Create temp folder /var/folders/sf/4qsy59kx3rlgqc2jt3tg3rx80000gn/T/tmpgqckudqc
56917 : 2024-01-25 23:17:30,623 : INFO : telemetry.records : Move file /Users/mananshah/.azure/telemetry/cache to /var/folders/sf/4qsy59kx3rlgqc2jt3tg3rx80000gn/T/tmpgqckudqc/cache
56917 : 2024-01-25 23:17:30,623 : INFO : telemetry.records : Processed file /var/folders/sf/4qsy59kx3rlgqc2jt3tg3rx80000gn/T/tmpgqckudqc/cache into 1 records.
56917 : 2024-01-25 23:17:30,623 : INFO : telemetry.records : Remove directory /var/folders/sf/4qsy59kx3rlgqc2jt3tg3rx80000gn/T/tmpgqckudqc
56917 : 2024-01-25 23:17:30,623 : INFO : telemetry.client : Accumulated 1 events. Flush the clients.
56917 : 2024-01-25 23:17:30,623 : INFO : telemetry.client : Flush client c4395b75-49cc-422c-bc95-c7d51aef5d46.
56917 : 2024-01-25 23:17:30,931 : INFO : telemetry.sender : Sending 3904 bytes
56917 : 2024-01-25 23:17:30,932 : INFO : telemetry.sender : Finish uploading in 0.308418 seconds.
56917 : 2024-01-25 23:17:30,932 : INFO : telemetry.note : Update the last send in note to 2024-01-25 23:17:30
56917 : 2024-01-25 23:17:30,933 : INFO : telemetry.note : Update the note mtime to 2024-01-25 23:17:30.933091
